
> talk-and-talk-api@0.1.0 start
> node dist/src/main.js

[Nest] 40859  - 08/27/2026, 6:31:24 PM     LOG [NestFactory] Starting Nest application...
[Nest] 40859  - 08/27/2026, 6:31:24 PM     LOG [InstanceLoader] PassportModule dependencies initialized +11ms
[Nest] 40859  - 08/27/2026, 6:31:24 PM     LOG [InstanceLoader] ConfigHostModule dependencies initialized +0ms
[Nest] 40859  - 08/27/2026, 6:31:24 PM     LOG [InstanceLoader] JwtModule dependencies initialized +0ms
[Nest] 40859  - 08/27/2026, 6:31:24 PM     LOG [InstanceLoader] JwtModule dependencies initialized +0ms
[Nest] 40859  - 08/27/2026, 6:31:24 PM     LOG [InstanceLoader] ConfigModule dependencies initialized +16ms
[Nest] 40859  - 08/27/2026, 6:31:24 PM     LOG [InstanceLoader] ConfigModule dependencies initialized +0ms
[Nest] 40859  - 08/27/2026, 6:31:24 PM     LOG [InstanceLoader] AppModule dependencies initialized +0ms
[Nest] 40859  - 08/27/2026, 6:31:24 PM     LOG [InstanceLoader] DatabaseModule dependencies initialized +0ms
[Nest] 40859  - 08/27/2026, 6:31:24 PM     LOG [InstanceLoader] SmsModule dependencies initialized +0ms
[Nest] 40859  - 08/27/2026, 6:31:24 PM     LOG [InstanceLoader] MetricsModule dependencies initialized +0ms
[Nest] 40859  - 08/27/2026, 6:31:24 PM     LOG [InstanceLoader] AuditModule dependencies initialized +1ms
[Nest] 40859  - 08/27/2026, 6:31:24 PM     LOG [InstanceLoader] HealthModule dependencies initialized +0ms
[Nest] 40859  - 08/27/2026, 6:31:24 PM     LOG [InstanceLoader] VoiceModule dependencies initialized +1ms
[Nest] 40859  - 08/27/2026, 6:31:24 PM     LOG [InstanceLoader] CrisisInterventionModule dependencies initialized +1ms
[Nest] 40859  - 08/27/2026, 6:31:24 PM     LOG [InstanceLoader] LegalModule dependencies initialized +0ms
[Nest] 40859  - 08/27/2026, 6:31:24 PM     LOG [InstanceLoader] NotificationsModule dependencies initialized +0ms
[Nest] 40859  - 08/27/2026, 6:31:24 PM     LOG [InstanceLoader] AuthModule dependencies initialized +0ms
[Nest] 40859  - 08/27/2026, 6:31:24 PM     LOG [InstanceLoader] ReviewModule dependencies initialized +0ms
[Nest] 40859  - 08/27/2026, 6:31:24 PM     LOG [InstanceLoader] CommunityModule dependencies initialized +0ms
[Nest] 40859  - 08/27/2026, 6:31:24 PM     LOG [InstanceLoader] ReviewsModule dependencies initialized +0ms
[Nest] 40859  - 08/27/2026, 6:31:24 PM     LOG [InstanceLoader] FavoritesModule dependencies initialized +1ms
[Nest] 40859  - 08/27/2026, 6:31:24 PM     LOG [InstanceLoader] CompanionsModule dependencies initialized +0ms
[Nest] 40859  - 08/27/2026, 6:31:24 PM     LOG [InstanceLoader] UsersModule dependencies initialized +0ms
[Nest] 40859  - 08/27/2026, 6:31:24 PM     LOG [InstanceLoader] ModerationModule dependencies initialized +0ms
[Nest] 40859  - 08/27/2026, 6:31:24 PM     LOG [InstanceLoader] AdminModule dependencies initialized +0ms
[Nest] 40859  - 08/27/2026, 6:31:24 PM     LOG [InstanceLoader] RecommendationsModule dependencies initialized +0ms
[Nest] 40859  - 08/27/2026, 6:31:24 PM     LOG [InstanceLoader] AccountGovernanceModule dependencies initialized +0ms
[Nest] 40859  - 08/27/2026, 6:31:24 PM     LOG [InstanceLoader] ConversationsModule dependencies initialized +0ms
[Nest] 40859  - 08/27/2026, 6:31:24 PM     LOG [InstanceLoader] AttendanceDisputesModule dependencies initialized +0ms
[Nest] 40859  - 08/27/2026, 6:31:24 PM     LOG [InstanceLoader] SupportModule dependencies initialized +0ms
[Nest] 40859  - 08/27/2026, 6:31:24 PM     LOG [InstanceLoader] PaymentsModule dependencies initialized +0ms
[Nest] 40859  - 08/27/2026, 6:31:24 PM     LOG [InstanceLoader] CommercialModule dependencies initialized +0ms
[Nest] 40859  - 08/27/2026, 6:31:24 PM     LOG [InstanceLoader] OrdersModule dependencies initialized +0ms
[Nest] 40859  - 08/27/2026, 6:31:24 PM     LOG [RoutesResolver] AuthController {/api/v1/auth}: +3ms
[Nest] 40859  - 08/27/2026, 6:31:24 PM     LOG [RouterExplorer] Mapped {/api/v1/auth/sms/send-code, POST} route +1ms
[Nest] 40859  - 08/27/2026, 6:31:24 PM     LOG [RouterExplorer] Mapped {/api/v1/auth/phone/login, POST} route +0ms
[Nest] 40859  - 08/27/2026, 6:31:24 PM     LOG [RouterExplorer] Mapped {/api/v1/auth/staff/login, POST} route +1ms
[Nest] 40859  - 08/27/2026, 6:31:24 PM     LOG [RouterExplorer] Mapped {/api/v1/auth/apple, POST} route +0ms
[Nest] 40859  - 08/27/2026, 6:31:24 PM     LOG [RouterExplorer] Mapped {/api/v1/auth/wechat/mini-program, POST} route +0ms
[Nest] 40859  - 08/27/2026, 6:31:24 PM     LOG [RouterExplorer] Mapped {/api/v1/auth/wechat/mini-program/status, GET} route +0ms
[Nest] 40859  - 08/27/2026, 6:31:24 PM     LOG [RouterExplorer] Mapped {/api/v1/auth/refresh, POST} route +0ms
[Nest] 40859  - 08/27/2026, 6:31:24 PM     LOG [RouterExplorer] Mapped {/api/v1/auth/logout, POST} route +0ms
[Nest] 40859  - 08/27/2026, 6:31:24 PM     LOG [RoutesResolver] AccountGovernanceController {/api/v1/me}: +0ms
[Nest] 40859  - 08/27/2026, 6:31:24 PM     LOG [RouterExplorer] Mapped {/api/v1/me/account-actions, GET} route +0ms
[Nest] 40859  - 08/27/2026, 6:31:24 PM     LOG [RouterExplorer] Mapped {/api/v1/me/account-actions/:id/appeals, POST} route +0ms
[Nest] 40859  - 08/27/2026, 6:31:24 PM     LOG [RouterExplorer] Mapped {/api/v1/me/account-actions/:id/appeal-evidence-uploads, POST} route +0ms
[Nest] 40859  - 08/27/2026, 6:31:24 PM     LOG [RouterExplorer] Mapped {/api/v1/me/account-actions/:id/appeal-evidence-uploads/:assetId/complete, POST} route +1ms
[Nest] 40859  - 08/27/2026, 6:31:24 PM     LOG [RouterExplorer] Mapped {/api/v1/me/account-actions/:id/appeal-evidence-uploads/:assetId, GET} route +0ms
[Nest] 40859  - 08/27/2026, 6:31:24 PM     LOG [RouterExplorer] Mapped {/api/v1/me/account-actions/:id/appeal-evidence-attachments/:attachmentId/read-url, GET} route +0ms
[Nest] 40859  - 08/27/2026, 6:31:24 PM     LOG [RouterExplorer] Mapped {/api/v1/me/sessions, GET} route +0ms
[Nest] 40859  - 08/27/2026, 6:31:24 PM     LOG [RouterExplorer] Mapped {/api/v1/me/sessions, DELETE} route +0ms
[Nest] 40859  - 08/27/2026, 6:31:24 PM     LOG [RouterExplorer] Mapped {/api/v1/me/sessions/:id, DELETE} route +0ms
[Nest] 40859  - 08/27/2026, 6:31:24 PM     LOG [RouterExplorer] Mapped {/api/v1/me/data-rights, GET} route +0ms
[Nest] 40859  - 08/27/2026, 6:31:24 PM     LOG [RouterExplorer] Mapped {/api/v1/me/data-rights, POST} route +0ms
[Nest] 40859  - 08/27/2026, 6:31:24 PM     LOG [RouterExplorer] Mapped {/api/v1/me/data-rights/:id/follow-ups, POST} route +0ms
[Nest] 40859  - 08/27/2026, 6:31:24 PM     LOG [RouterExplorer] Mapped {/api/v1/me/invoice-requests, GET} route +0ms
[Nest] 40859  - 08/27/2026, 6:31:24 PM     LOG [RouterExplorer] Mapped {/api/v1/me/invoice-requests/eligible-orders, GET} route +0ms
[Nest] 40859  - 08/27/2026, 6:31:24 PM     LOG [RouterExplorer] Mapped {/api/v1/me/invoice-requests, POST} route +0ms
[Nest] 40859  - 08/27/2026, 6:31:24 PM     LOG [RouterExplorer] Mapped {/api/v1/me/invoice-requests/:id/cancel, POST} route +0ms
[Nest] 40859  - 08/27/2026, 6:31:24 PM     LOG [RoutesResolver] AccountGovernanceAdminController {/api/v1/admin/account-governance}: +0ms
[Nest] 40859  - 08/27/2026, 6:31:24 PM     LOG [RouterExplorer] Mapped {/api/v1/admin/account-governance/account-appeals, GET} route +0ms
[Nest] 40859  - 08/27/2026, 6:31:24 PM     LOG [RouterExplorer] Mapped {/api/v1/admin/account-governance/account-appeals/:id/claim, POST} route +0ms
[Nest] 40859  - 08/27/2026, 6:31:24 PM     LOG [RouterExplorer] Mapped {/api/v1/admin/account-governance/account-appeals/:id/assign, POST} route +0ms
[Nest] 40859  - 08/27/2026, 6:31:24 PM     LOG [RouterExplorer] Mapped {/api/v1/admin/account-governance/account-appeals/:id/resolve, POST} route +0ms
[Nest] 40859  - 08/27/2026, 6:31:24 PM     LOG [RouterExplorer] Mapped {/api/v1/admin/account-governance/data-rights, GET} route +0ms
[Nest] 40859  - 08/27/2026, 6:31:24 PM     LOG [RouterExplorer] Mapped {/api/v1/admin/account-governance/data-rights/claimable, GET} route +0ms
[Nest] 40859  - 08/27/2026, 6:31:24 PM     LOG [RouterExplorer] Mapped {/api/v1/admin/account-governance/data-rights/:id/claim, PATCH} route +0ms
[Nest] 40859  - 08/27/2026, 6:31:24 PM     LOG [RouterExplorer] Mapped {/api/v1/admin/account-governance/data-rights/:id/status, PATCH} route +0ms
[Nest] 40859  - 08/27/2026, 6:31:24 PM     LOG [RouterExplorer] Mapped {/api/v1/admin/account-governance/invoice-requests, GET} route +0ms
[Nest] 40859  - 08/27/2026, 6:31:24 PM     LOG [RouterExplorer] Mapped {/api/v1/admin/account-governance/invoice-requests/:id/status, PATCH} route +0ms
[Nest] 40859  - 08/27/2026, 6:31:24 PM     LOG [RoutesResolver] DataExportDeliveryController {/api/v1/me/data-rights}: +0ms
[Nest] 40859  - 08/27/2026, 6:31:24 PM     LOG [RouterExplorer] Mapped {/api/v1/me/data-rights/:id/export, GET} route +0ms
[Nest] 40859  - 08/27/2026, 6:31:24 PM     LOG [RoutesResolver] ModerationController {/api/v1/moderation}: +0ms
[Nest] 40859  - 08/27/2026, 6:31:24 PM     LOG [RouterExplorer] Mapped {/api/v1/moderation/status, GET} route +1ms
[Nest] 40859  - 08/27/2026, 6:31:24 PM     LOG [RouterExplorer] Mapped {/api/v1/moderation/check, POST} route +0ms
[Nest] 40859  - 08/27/2026, 6:31:24 PM     LOG [RouterExplorer] Mapped {/api/v1/moderation/reports, POST} route +0ms
[Nest] 40859  - 08/27/2026, 6:31:24 PM     LOG [RouterExplorer] Mapped {/api/v1/moderation/reports/me, GET} route +0ms
[Nest] 40859  - 08/27/2026, 6:31:24 PM     LOG [RouterExplorer] Mapped {/api/v1/moderation/reports/:id, GET} route +0ms
[Nest] 40859  - 08/27/2026, 6:31:24 PM     LOG [RouterExplorer] Mapped {/api/v1/moderation/reports/:id/follow-ups, POST} route +0ms
[Nest] 40859  - 08/27/2026, 6:31:24 PM     LOG [RouterExplorer] Mapped {/api/v1/moderation/appeals, POST} route +0ms
[Nest] 40859  - 08/27/2026, 6:31:24 PM     LOG [RouterExplorer] Mapped {/api/v1/moderation/appeals/me, GET} route +0ms
[Nest] 40859  - 08/27/2026, 6:31:24 PM     LOG [RouterExplorer] Mapped {/api/v1/moderation/appeals/eligible, GET} route +0ms
[Nest] 40859  - 08/27/2026, 6:31:24 PM     LOG [RouterExplorer] Mapped {/api/v1/moderation/cases, GET} route +0ms
[Nest] 40859  - 08/27/2026, 6:31:24 PM     LOG [RoutesResolver] ControlledCaseEvidenceController {/api/v1}: +0ms
[Nest] 40859  - 08/27/2026, 6:31:24 PM     LOG [RouterExplorer] Mapped {/api/v1/support/tickets/:id/evidence-uploads, POST} route +0ms
[Nest] 40859  - 08/27/2026, 6:31:24 PM     LOG [RouterExplorer] Mapped {/api/v1/attendance-disputes/:id/evidence-uploads, POST} route +0ms
[Nest] 40859  - 08/27/2026, 6:31:24 PM     LOG [RouterExplorer] Mapped {/api/v1/commercial/companion/incident-evidence-uploads, POST} route +0ms
[Nest] 40859  - 08/27/2026, 6:31:24 PM     LOG [RouterExplorer] Mapped {/api/v1/case-evidence/uploads/:assetId/complete, POST} route +0ms
[Nest] 40859  - 08/27/2026, 6:31:24 PM     LOG [RouterExplorer] Mapped {/api/v1/case-evidence/uploads/:assetId, GET} route +0ms
[Nest] 40859  - 08/27/2026, 6:31:24 PM     LOG [RouterExplorer] Mapped {/api/v1/case-evidence/attachments/:attachmentId/read-url, GET} route +0ms
[Nest] 40859  - 08/27/2026, 6:31:24 PM     LOG [RoutesResolver] CrisisInterventionController {/api/v1/crisis}: +0ms
[Nest] 40859  - 08/27/2026, 6:31:24 PM     LOG [RouterExplorer] Mapped {/api/v1/crisis/resources, GET} route +0ms
[Nest] 40859  - 08/27/2026, 6:31:24 PM     LOG [RouterExplorer] Mapped {/api/v1/crisis/readiness, GET} route +0ms
[Nest] 40859  - 08/27/2026, 6:31:24 PM     LOG [RouterExplorer] Mapped {/api/v1/crisis/interventions, POST} route +0ms
[Nest] 40859  - 08/27/2026, 6:31:24 PM     LOG [RouterExplorer] Mapped {/api/v1/crisis/interventions/active, GET} route +0ms
[Nest] 40859  - 08/27/2026, 6:31:24 PM     LOG [RouterExplorer] Mapped {/api/v1/crisis/interventions/:id, GET} route +0ms
[Nest] 40859  - 08/27/2026, 6:31:24 PM     LOG [RouterExplorer] Mapped {/api/v1/crisis/interventions/:id/resource-view-completions, POST} route +0ms
[Nest] 40859  - 08/27/2026, 6:31:24 PM     LOG [RoutesResolver] NotificationsController {/api/v1/notifications}: +0ms
[Nest] 40859  - 08/27/2026, 6:31:24 PM     LOG [RouterExplorer] Mapped {/api/v1/notifications/status, GET} route +0ms
[Nest] 40859  - 08/27/2026, 6:31:24 PM     LOG [RouterExplorer] Mapped {/api/v1/notifications, GET} route +0ms
[Nest] 40859  - 08/27/2026, 6:31:24 PM     LOG [RouterExplorer] Mapped {/api/v1/notifications/unread-count, GET} route +0ms
[Nest] 40859  - 08/27/2026, 6:31:24 PM     LOG [RouterExplorer] Mapped {/api/v1/notifications/subscription-templates, GET} route +0ms
[Nest] 40859  - 08/27/2026, 6:31:24 PM     LOG [RouterExplorer] Mapped {/api/v1/notifications/channels/availability-reminder, GET} route +0ms
[Nest] 40859  - 08/27/2026, 6:31:24 PM     LOG [RouterExplorer] Mapped {/api/v1/notifications/subscription-grants, POST} route +0ms
[Nest] 40859  - 08/27/2026, 6:31:24 PM     LOG [RouterExplorer] Mapped {/api/v1/notifications/read-all, POST} route +0ms
[Nest] 40859  - 08/27/2026, 6:31:24 PM     LOG [RouterExplorer] Mapped {/api/v1/notifications/:id/read, POST} route +0ms
[Nest] 40859  - 08/27/2026, 6:31:24 PM     LOG [RoutesResolver] AttendanceDisputesController {/api/v1}: +0ms
[Nest] 40859  - 08/27/2026, 6:31:24 PM     LOG [RouterExplorer] Mapped {/api/v1/attendance-disputes/policy, GET} route +1ms
[Nest] 40859  - 08/27/2026, 6:31:24 PM     LOG [RouterExplorer] Mapped {/api/v1/callbacks/trtc/room-events, POST} route +0ms
[Nest] 40859  - 08/27/2026, 6:31:24 PM     LOG [RouterExplorer] Mapped {/api/v1/orders/:orderId/attendance-events, POST} route +0ms
[Nest] 40859  - 08/27/2026, 6:31:24 PM     LOG [RouterExplorer] Mapped {/api/v1/orders/:orderId/attendance-disputes, POST} route +0ms
[Nest] 40859  - 08/27/2026, 6:31:24 PM     LOG [RouterExplorer] Mapped {/api/v1/orders/:orderId/attendance-disputes/me, GET} route +0ms
[Nest] 40859  - 08/27/2026, 6:31:24 PM     LOG [RouterExplorer] Mapped {/api/v1/attendance-disputes/mine, GET} route +0ms
[Nest] 40859  - 08/27/2026, 6:31:24 PM     LOG [RouterExplorer] Mapped {/api/v1/attendance-disputes/:id, GET} route +0ms
[Nest] 40859  - 08/27/2026, 6:31:24 PM     LOG [RouterExplorer] Mapped {/api/v1/attendance-disputes/:id/evidence-completion, POST} route +0ms
[Nest] 40859  - 08/27/2026, 6:31:24 PM     LOG [RouterExplorer] Mapped {/api/v1/attendance-disputes/:id/statements, POST} route +0ms
[Nest] 40859  - 08/27/2026, 6:31:24 PM     LOG [RouterExplorer] Mapped {/api/v1/attendance-disputes/:id/appeals, POST} route +0ms
[Nest] 40859  - 08/27/2026, 6:31:24 PM     LOG [RoutesResolver] AdminAttendanceDisputesController {/api/v1/admin/commercial/attendance-disputes}: +0ms
[Nest] 40859  - 08/27/2026, 6:31:24 PM     LOG [RouterExplorer] Mapped {/api/v1/admin/commercial/attendance-disputes, GET} route +0ms
[Nest] 40859  - 08/27/2026, 6:31:24 PM     LOG [RouterExplorer] Mapped {/api/v1/admin/commercial/attendance-disputes/claimable, GET} route +0ms
[Nest] 40859  - 08/27/2026, 6:31:24 PM     LOG [RouterExplorer] Mapped {/api/v1/admin/commercial/attendance-disputes/:id, GET} route +0ms
[Nest] 40859  - 08/27/2026, 6:31:24 PM     LOG [RouterExplorer] Mapped {/api/v1/admin/commercial/attendance-disputes/:id/claims, POST} route +0ms
[Nest] 40859  - 08/27/2026, 6:31:24 PM     LOG [RouterExplorer] Mapped {/api/v1/admin/commercial/attendance-disputes/:id/decisions, POST} route +0ms
[Nest] 40859  - 08/27/2026, 6:31:24 PM     LOG [RouterExplorer] Mapped {/api/v1/admin/commercial/attendance-disputes/:id/appeal-claims, POST} route +0ms
[Nest] 40859  - 08/27/2026, 6:31:24 PM     LOG [RouterExplorer] Mapped {/api/v1/admin/commercial/attendance-disputes/:id/finalizations, POST} route +0ms
[Nest] 40859  - 08/27/2026, 6:31:24 PM     LOG [RoutesResolver] CommercialController {/api/v1/commercial}: +0ms
[Nest] 40859  - 08/27/2026, 6:31:24 PM     LOG [RouterExplorer] Mapped {/api/v1/commercial/earnings/me, GET} route +0ms
[Nest] 40859  - 08/27/2026, 6:31:24 PM     LOG [RoutesResolver] CompanionLifecycleController {/api/v1/commercial/companion}: +0ms
[Nest] 40859  - 08/27/2026, 6:31:24 PM     LOG [RouterExplorer] Mapped {/api/v1/commercial/companion/overview, GET} route +0ms
[Nest] 40859  - 08/27/2026, 6:31:24 PM     LOG [RouterExplorer] Mapped {/api/v1/commercial/companion/profile, GET} route +0ms
[Nest] 40859  - 08/27/2026, 6:31:24 PM     LOG [RouterExplorer] Mapped {/api/v1/commercial/companion/profile/submissions, POST} route +0ms
[Nest] 40859  - 08/27/2026, 6:31:24 PM     LOG [RouterExplorer] Mapped {/api/v1/commercial/companion/training, GET} route +0ms
[Nest] 40859  - 08/27/2026, 6:31:24 PM     LOG [RouterExplorer] Mapped {/api/v1/commercial/companion/training/attempts, POST} route +0ms
[Nest] 40859  - 08/27/2026, 6:31:24 PM     LOG [RouterExplorer] Mapped {/api/v1/commercial/companion/quality, GET} route +0ms
[Nest] 40859  - 08/27/2026, 6:31:24 PM     LOG [RouterExplorer] Mapped {/api/v1/commercial/companion/actions, GET} route +0ms
[Nest] 40859  - 08/27/2026, 6:31:24 PM     LOG [RouterExplorer] Mapped {/api/v1/commercial/companion/actions/:id/appeals, POST} route +0ms
[Nest] 40859  - 08/27/2026, 6:31:24 PM     LOG [RouterExplorer] Mapped {/api/v1/commercial/companion/actions/:id/appeal-evidence-uploads, POST} route +1ms
[Nest] 40859  - 08/27/2026, 6:31:24 PM     LOG [RouterExplorer] Mapped {/api/v1/commercial/companion/actions/:id/appeal-evidence-uploads/:assetId/complete, POST} route +0ms
[Nest] 40859  - 08/27/2026, 6:31:24 PM     LOG [RouterExplorer] Mapped {/api/v1/commercial/companion/actions/:id/appeal-evidence-uploads/:assetId, GET} route +0ms
[Nest] 40859  - 08/27/2026, 6:31:24 PM     LOG [RouterExplorer] Mapped {/api/v1/commercial/companion/incidents, GET} route +0ms
[Nest] 40859  - 08/27/2026, 6:31:24 PM     LOG [RouterExplorer] Mapped {/api/v1/commercial/companion/incidents, POST} route +0ms
[Nest] 40859  - 08/27/2026, 6:31:24 PM     LOG [RouterExplorer] Mapped {/api/v1/commercial/companion/withdrawals, GET} route +1ms
[Nest] 40859  - 08/27/2026, 6:31:24 PM     LOG [RouterExplorer] Mapped {/api/v1/commercial/companion/withdrawals, POST} route +1ms
[Nest] 40859  - 08/27/2026, 6:31:24 PM     LOG [RouterExplorer] Mapped {/api/v1/commercial/companion/withdrawals/:id/cancel, POST} route +0ms
[Nest] 40859  - 08/27/2026, 6:31:24 PM     LOG [RoutesResolver] CompanionLifecycleAdminController {/api/v1/admin/commercial/companion-lifecycle}: +0ms
[Nest] 40859  - 08/27/2026, 6:31:24 PM     LOG [RouterExplorer] Mapped {/api/v1/admin/commercial/companion-lifecycle/actions, POST} route +0ms
[Nest] 40859  - 08/27/2026, 6:31:24 PM     LOG [RouterExplorer] Mapped {/api/v1/admin/commercial/companion-lifecycle/actions/:id/reactivation, POST} route +0ms
[Nest] 40859  - 08/27/2026, 6:31:24 PM     LOG [RouterExplorer] Mapped {/api/v1/admin/commercial/companion-lifecycle/appeals/:id/resolution, POST} route +0ms
[Nest] 40859  - 08/27/2026, 6:31:24 PM     LOG [RouterExplorer] Mapped {/api/v1/admin/commercial/companion-lifecycle/appeals/claimable, GET} route +0ms
[Nest] 40859  - 08/27/2026, 6:31:24 PM     LOG [RouterExplorer] Mapped {/api/v1/admin/commercial/companion-lifecycle/appeals/:id/claims, POST} route +0ms
[Nest] 40859  - 08/27/2026, 6:31:24 PM     LOG [RouterExplorer] Mapped {/api/v1/admin/commercial/companion-lifecycle/appeals/:id/assignments, POST} route +0ms
[Nest] 40859  - 08/27/2026, 6:31:24 PM     LOG [RouterExplorer] Mapped {/api/v1/admin/commercial/companion-lifecycle/appeals/:id/reactivation, POST} route +0ms
[Nest] 40859  - 08/27/2026, 6:31:24 PM     LOG [RouterExplorer] Mapped {/api/v1/admin/commercial/companion-lifecycle/appeals, GET} route +0ms
[Nest] 40859  - 08/27/2026, 6:31:24 PM     LOG [RouterExplorer] Mapped {/api/v1/admin/commercial/companion-lifecycle/voice-intros, GET} route +0ms
[Nest] 40859  - 08/27/2026, 6:31:24 PM     LOG [RouterExplorer] Mapped {/api/v1/admin/commercial/companion-lifecycle/companions/:id/voice-intro-read, GET} route +0ms
[Nest] 40859  - 08/27/2026, 6:31:24 PM     LOG [RouterExplorer] Mapped {/api/v1/admin/commercial/companion-lifecycle/companions/:id/voice-intro-review, POST} route +1ms
[Nest] 40859  - 08/27/2026, 6:31:24 PM     LOG [RouterExplorer] Mapped {/api/v1/admin/commercial/companion-lifecycle/training, GET} route +0ms
[Nest] 40859  - 08/27/2026, 6:31:24 PM     LOG [RouterExplorer] Mapped {/api/v1/admin/commercial/companion-lifecycle/review-due, GET} route +0ms
[Nest] 40859  - 08/27/2026, 6:31:24 PM     LOG [RouterExplorer] Mapped {/api/v1/admin/commercial/companion-lifecycle/actions, GET} route +0ms
[Nest] 40859  - 08/27/2026, 6:31:24 PM     LOG [RouterExplorer] Mapped {/api/v1/admin/commercial/companion-lifecycle/incidents, GET} route +0ms
[Nest] 40859  - 08/27/2026, 6:31:24 PM     LOG [RouterExplorer] Mapped {/api/v1/admin/commercial/companion-lifecycle/incidents/claimable, GET} route +0ms
[Nest] 40859  - 08/27/2026, 6:31:24 PM     LOG [RouterExplorer] Mapped {/api/v1/admin/commercial/companion-lifecycle/incidents/:id, GET} route +0ms
[Nest] 40859  - 08/27/2026, 6:31:24 PM     LOG [RouterExplorer] Mapped {/api/v1/admin/commercial/companion-lifecycle/incidents/:id/claims, POST} route +0ms
[Nest] 40859  - 08/27/2026, 6:31:24 PM     LOG [RouterExplorer] Mapped {/api/v1/admin/commercial/companion-lifecycle/incidents/:id/assignments, POST} route +0ms
[Nest] 40859  - 08/27/2026, 6:31:24 PM     LOG [RouterExplorer] Mapped {/api/v1/admin/commercial/companion-lifecycle/incidents/:id/status, POST} route +0ms
[Nest] 40859  - 08/27/2026, 6:31:24 PM     LOG [RouterExplorer] Mapped {/api/v1/admin/commercial/companion-lifecycle/withdrawals, GET} route +0ms
[Nest] 40859  - 08/27/2026, 6:31:24 PM     LOG [RouterExplorer] Mapped {/api/v1/admin/commercial/companion-lifecycle/withdrawals/:id/status, POST} route +0ms
[Nest] 40859  - 08/27/2026, 6:31:24 PM     LOG [RoutesResolver] AvailabilityReminderOperationsController {/api/v1/admin/commercial/availability-reminders}: +0ms
[Nest] 40859  - 08/27/2026, 6:31:24 PM     LOG [RouterExplorer] Mapped {/api/v1/admin/commercial/availability-reminders/readiness, GET} route +0ms
[Nest] 40859  - 08/27/2026, 6:31:24 PM     LOG [RouterExplorer] Mapped {/api/v1/admin/commercial/availability-reminders/fanout-jobs/:id/retry, POST} route +0ms
[Nest] 40859  - 08/27/2026, 6:31:24 PM     LOG [RouterExplorer] Mapped {/api/v1/admin/commercial/availability-reminders/preparation-candidates/:id/retry, POST} route +1ms
[Nest] 40859  - 08/27/2026, 6:31:24 PM     LOG [RouterExplorer] Mapped {/api/v1/admin/commercial/availability-reminders/reservation-handoffs/:id/retry, POST} route +0ms
[Nest] 40859  - 08/27/2026, 6:31:24 PM     LOG [RouterExplorer] Mapped {/api/v1/admin/commercial/availability-reminders/delivery-attempts/:id/retry, POST} route +0ms
[Nest] 40859  - 08/27/2026, 6:31:24 PM     LOG [RouterExplorer] Mapped {/api/v1/admin/commercial/availability-reminders/terminal-attempts/:id/resolve, POST} route +0ms
[Nest] 40859  - 08/27/2026, 6:31:24 PM     LOG [RoutesResolver] FavoritesController {/api/v1/favorites/companions}: +0ms
[Nest] 40859  - 08/27/2026, 6:31:24 PM     LOG [RouterExplorer] Mapped {/api/v1/favorites/companions, GET} route +0ms
[Nest] 40859  - 08/27/2026, 6:31:24 PM     LOG [RouterExplorer] Mapped {/api/v1/favorites/companions/:id/status, GET} route +0ms
[Nest] 40859  - 08/27/2026, 6:31:24 PM     LOG [RouterExplorer] Mapped {/api/v1/favorites/companions/:id, PUT} route +0ms
[Nest] 40859  - 08/27/2026, 6:31:24 PM     LOG [RouterExplorer] Mapped {/api/v1/favorites/companions/:id/availability-reminder, PUT} route +0ms
[Nest] 40859  - 08/27/2026, 6:31:24 PM     LOG [RouterExplorer] Mapped {/api/v1/favorites/companions/:id, DELETE} route +0ms
[Nest] 40859  - 08/27/2026, 6:31:24 PM     LOG [RoutesResolver] RecentlyViewedCompanionsController {/api/v1/recently-viewed/companions}: +0ms
[Nest] 40859  - 08/27/2026, 6:31:24 PM     LOG [RouterExplorer] Mapped {/api/v1/recently-viewed/companions, GET} route +0ms
[Nest] 40859  - 08/27/2026, 6:31:24 PM     LOG [RouterExplorer] Mapped {/api/v1/recently-viewed/companions/:id, PUT} route +0ms
[Nest] 40859  - 08/27/2026, 6:31:24 PM     LOG [RouterExplorer] Mapped {/api/v1/recently-viewed/companions, DELETE} route +0ms
[Nest] 40859  - 08/27/2026, 6:31:24 PM     LOG [RoutesResolver] PaymentsController {/api/v1/payments}: +0ms
[Nest] 40859  - 08/27/2026, 6:31:24 PM     LOG [RouterExplorer] Mapped {/api/v1/payments/status, GET} route +0ms
[Nest] 40859  - 08/27/2026, 6:31:24 PM     LOG [RouterExplorer] Mapped {/api/v1/payments/wechat/notify, POST} route +0ms
[Nest] 40859  - 08/27/2026, 6:31:24 PM     LOG [RouterExplorer] Mapped {/api/v1/payments/wechat/refund-notify, POST} route +0ms
[Nest] 40859  - 08/27/2026, 6:31:24 PM     LOG [RouterExplorer] Mapped {/api/v1/payments/refunds/:id/approve, POST} route +0ms
[Nest] 40859  - 08/27/2026, 6:31:24 PM     LOG [RouterExplorer] Mapped {/api/v1/payments/refunds/review-queue, GET} route +0ms
[Nest] 40859  - 08/27/2026, 6:31:24 PM     LOG [RouterExplorer] Mapped {/api/v1/payments/refunds/:id/claim, POST} route +0ms
[Nest] 40859  - 08/27/2026, 6:31:24 PM     LOG [RouterExplorer] Mapped {/api/v1/payments/refunds/:id/reject, POST} route +0ms
[Nest] 40859  - 08/27/2026, 6:31:24 PM     LOG [RouterExplorer] Mapped {/api/v1/payments/refunds/:id/retry, POST} route +0ms
[Nest] 40859  - 08/27/2026, 6:31:24 PM     LOG [RouterExplorer] Mapped {/api/v1/payments/refunds/:id/sync, POST} route +1ms
[Nest] 40859  - 08/27/2026, 6:31:24 PM     LOG [RouterExplorer] Mapped {/api/v1/payments/wechat/mock-notify, POST} route +0ms
[Nest] 40859  - 08/27/2026, 6:31:24 PM     LOG [RoutesResolver] PaymentDisputesController {/api/v1/payments}: +0ms
[Nest] 40859  - 08/27/2026, 6:31:24 PM     LOG [RouterExplorer] Mapped {/api/v1/payments/wechat/complaint-notify, POST} route +0ms
[Nest] 40859  - 08/27/2026, 6:31:24 PM     LOG [RouterExplorer] Mapped {/api/v1/payments/disputes/me, GET} route +0ms
[Nest] 40859  - 08/27/2026, 6:31:24 PM     LOG [RouterExplorer] Mapped {/api/v1/payments/disputes/by-order/:orderId, GET} route +0ms
[Nest] 40859  - 08/27/2026, 6:31:24 PM     LOG [RouterExplorer] Mapped {/api/v1/payments/disputes/:id, GET} route +0ms
[Nest] 40859  - 08/27/2026, 6:31:24 PM     LOG [RoutesResolver] AdminPaymentDisputesController {/api/v1/admin/commercial/payment-disputes}: +0ms
[Nest] 40859  - 08/27/2026, 6:31:24 PM     LOG [RouterExplorer] Mapped {/api/v1/admin/commercial/payment-disputes, GET} route +0ms
[Nest] 40859  - 08/27/2026, 6:31:24 PM     LOG [RouterExplorer] Mapped {/api/v1/admin/commercial/payment-disputes/:id, GET} route +0ms
[Nest] 40859  - 08/27/2026, 6:31:24 PM     LOG [RouterExplorer] Mapped {/api/v1/admin/commercial/payment-disputes/:id/evidence/:resource, GET} route +0ms
[Nest] 40859  - 08/27/2026, 6:31:24 PM     LOG [RouterExplorer] Mapped {/api/v1/admin/commercial/payment-disputes/:id/claims, POST} route +0ms
[Nest] 40859  - 08/27/2026, 6:31:24 PM     LOG [RouterExplorer] Mapped {/api/v1/admin/commercial/payment-disputes/:id/assignments, POST} route +0ms
[Nest] 40859  - 08/27/2026, 6:31:24 PM     LOG [RouterExplorer] Mapped {/api/v1/admin/commercial/payment-disputes/:id/replies, POST} route +0ms
[Nest] 40859  - 08/27/2026, 6:31:24 PM     LOG [RouterExplorer] Mapped {/api/v1/admin/commercial/payment-disputes/:id/completions, POST} route +0ms
[Nest] 40859  - 08/27/2026, 6:31:24 PM     LOG [RouterExplorer] Mapped {/api/v1/admin/commercial/payment-disputes/:id/sync, POST} route +0ms
[Nest] 40859  - 08/27/2026, 6:31:24 PM     LOG [RoutesResolver] OrdersController {/api/v1/orders}: +0ms
[Nest] 40859  - 08/27/2026, 6:31:24 PM     LOG [RouterExplorer] Mapped {/api/v1/orders/status, GET} route +0ms
[Nest] 40859  - 08/27/2026, 6:31:24 PM     LOG [RouterExplorer] Mapped {/api/v1/orders, POST} route +0ms
[Nest] 40859  - 08/27/2026, 6:31:24 PM     LOG [RouterExplorer] Mapped {/api/v1/orders, GET} route +0ms
[Nest] 40859  - 08/27/2026, 6:31:24 PM     LOG [RouterExplorer] Mapped {/api/v1/orders/service, GET} route +0ms
[Nest] 40859  - 08/27/2026, 6:31:24 PM     LOG [RouterExplorer] Mapped {/api/v1/orders/service/today, GET} route +1ms
[Nest] 40859  - 08/27/2026, 6:31:24 PM     LOG [RouterExplorer] Mapped {/api/v1/orders/:id/timeline, GET} route +0ms
[Nest] 40859  - 08/27/2026, 6:31:24 PM     LOG [RouterExplorer] Mapped {/api/v1/orders/:id/voice-room/access, POST} route +0ms
[Nest] 40859  - 08/27/2026, 6:31:24 PM     LOG [RouterExplorer] Mapped {/api/v1/orders/:id/reschedule-requests, POST} route +0ms
[Nest] 40859  - 08/27/2026, 6:31:24 PM     LOG [RouterExplorer] Mapped {/api/v1/orders/:id/reschedule-requests/:requestId/accept, POST} route +0ms
[Nest] 40859  - 08/27/2026, 6:31:24 PM     LOG [RouterExplorer] Mapped {/api/v1/orders/:id/reschedule-requests/:requestId/reject, POST} route +0ms
[Nest] 40859  - 08/27/2026, 6:31:24 PM     LOG [RouterExplorer] Mapped {/api/v1/orders/service/:id/start, POST} route +0ms
[Nest] 40859  - 08/27/2026, 6:31:24 PM     LOG [RouterExplorer] Mapped {/api/v1/orders/service/:id/confirm, POST} route +0ms
[Nest] 40859  - 08/27/2026, 6:31:24 PM     LOG [RouterExplorer] Mapped {/api/v1/orders/service/:id/reject, POST} route +0ms
[Nest] 40859  - 08/27/2026, 6:31:24 PM     LOG [RouterExplorer] Mapped {/api/v1/orders/service/:id/complete, POST} route +0ms
[Nest] 40859  - 08/27/2026, 6:31:24 PM     LOG [RouterExplorer] Mapped {/api/v1/orders/:id, GET} route +0ms
[Nest] 40859  - 08/27/2026, 6:31:24 PM     LOG [RouterExplorer] Mapped {/api/v1/orders/:id/cancel, POST} route +0ms
[Nest] 40859  - 08/27/2026, 6:31:24 PM     LOG [RouterExplorer] Mapped {/api/v1/orders/:id/completion-confirmations, POST} route +0ms
[Nest] 40859  - 08/27/2026, 6:31:24 PM     LOG [RouterExplorer] Mapped {/api/v1/orders/:id/service-guidelines-confirmations, POST} route +0ms
[Nest] 40859  - 08/27/2026, 6:31:24 PM     LOG [RouterExplorer] Mapped {/api/v1/orders/:id/experience-feedback, POST} route +0ms
[Nest] 40859  - 08/27/2026, 6:31:24 PM     LOG [RouterExplorer] Mapped {/api/v1/orders/:id/prepay, POST} route +0ms
[Nest] 40859  - 08/27/2026, 6:31:24 PM     LOG [RouterExplorer] Mapped {/api/v1/orders/:id/payment/sync, POST} route +0ms
[Nest] 40859  - 08/27/2026, 6:31:24 PM     LOG [RouterExplorer] Mapped {/api/v1/orders/:id/refund, POST} route +0ms
[Nest] 40859  - 08/27/2026, 6:31:24 PM     LOG [RouterExplorer] Mapped {/api/v1/orders/:id/refund/sync, POST} route +0ms
[Nest] 40859  - 08/27/2026, 6:31:24 PM     LOG [RoutesResolver] RecommendationsController {/api/v1/recommendations}: +0ms
[Nest] 40859  - 08/27/2026, 6:31:24 PM     LOG [RouterExplorer] Mapped {/api/v1/recommendations/topics, GET} route +0ms
[Nest] 40859  - 08/27/2026, 6:31:24 PM     LOG [RouterExplorer] Mapped {/api/v1/recommendations/me/preferences, GET} route +0ms
[Nest] 40859  - 08/27/2026, 6:31:24 PM     LOG [RouterExplorer] Mapped {/api/v1/recommendations/me/preferences, PATCH} route +0ms
[Nest] 40859  - 08/27/2026, 6:31:24 PM     LOG [RouterExplorer] Mapped {/api/v1/recommendations/me/tags/:id, DELETE} route +0ms
[Nest] 40859  - 08/27/2026, 6:31:24 PM     LOG [RouterExplorer] Mapped {/api/v1/recommendations/me/companion-exclusions, GET} route +0ms
[Nest] 40859  - 08/27/2026, 6:31:24 PM     LOG [RouterExplorer] Mapped {/api/v1/recommendations/me/companion-exclusions/:id, PUT} route +1ms
[Nest] 40859  - 08/27/2026, 6:31:24 PM     LOG [RouterExplorer] Mapped {/api/v1/recommendations/me/companion-exclusions/:id, DELETE} route +0ms
[Nest] 40859  - 08/27/2026, 6:31:24 PM     LOG [RouterExplorer] Mapped {/api/v1/recommendations/companions, GET} route +0ms
[Nest] 40859  - 08/27/2026, 6:31:24 PM     LOG [RouterExplorer] Mapped {/api/v1/recommendations/events, POST} route +0ms
[Nest] 40859  - 08/27/2026, 6:31:24 PM     LOG [RoutesResolver] AdminRecommendationsController {/api/v1/admin/recommendations}: +0ms
[Nest] 40859  - 08/27/2026, 6:31:24 PM     LOG [RouterExplorer] Mapped {/api/v1/admin/recommendations/metrics, GET} route +0ms
[Nest] 40859  - 08/27/2026, 6:31:24 PM     LOG [RouterExplorer] Mapped {/api/v1/admin/recommendations/companions/:id/policies/:placement, PATCH} route +0ms
[Nest] 40859  - 08/27/2026, 6:31:24 PM     LOG [RoutesResolver] CompanionsController {/api/v1/companions}: +0ms
[Nest] 40859  - 08/27/2026, 6:31:24 PM     LOG [RouterExplorer] Mapped {/api/v1/companions/status, GET} route +0ms
[Nest] 40859  - 08/27/2026, 6:31:24 PM     LOG [RouterExplorer] Mapped {/api/v1/companions, GET} route +0ms
[Nest] 40859  - 08/27/2026, 6:31:24 PM     LOG [RouterExplorer] Mapped {/api/v1/companions/me/profile, GET} route +0ms
[Nest] 40859  - 08/27/2026, 6:31:24 PM     LOG [RouterExplorer] Mapped {/api/v1/companions/me/application, POST} route +0ms
[Nest] 40859  - 08/27/2026, 6:31:24 PM     LOG [RouterExplorer] Mapped {/api/v1/companions/me/profile, PATCH} route +0ms
[Nest] 40859  - 08/27/2026, 6:31:24 PM     LOG [RouterExplorer] Mapped {/api/v1/companions/me/service-offerings, GET} route +0ms
[Nest] 40859  - 08/27/2026, 6:31:24 PM     LOG [RouterExplorer] Mapped {/api/v1/companions/me/service-offerings, POST} route +0ms
[Nest] 40859  - 08/27/2026, 6:31:24 PM     LOG [RouterExplorer] Mapped {/api/v1/companions/me/service-offerings/:id, PATCH} route +0ms
[Nest] 40859  - 08/27/2026, 6:31:24 PM     LOG [RouterExplorer] Mapped {/api/v1/companions/me/availability-windows, GET} route +0ms
[Nest] 40859  - 08/27/2026, 6:31:24 PM     LOG [RouterExplorer] Mapped {/api/v1/companions/me/availability-windows, POST} route +0ms
[Nest] 40859  - 08/27/2026, 6:31:24 PM     LOG [RouterExplorer] Mapped {/api/v1/companions/me/availability-windows/:id, PATCH} route +0ms
[Nest] 40859  - 08/27/2026, 6:31:24 PM     LOG [RouterExplorer] Mapped {/api/v1/companions/me/availability-schedule/rules, GET} route +0ms
[Nest] 40859  - 08/27/2026, 6:31:24 PM     LOG [RouterExplorer] Mapped {/api/v1/companions/me/availability-schedule/rules, POST} route +0ms
[Nest] 40859  - 08/27/2026, 6:31:24 PM     LOG [RouterExplorer] Mapped {/api/v1/companions/me/availability-schedule/rules/:id/deactivate, PATCH} route +0ms
[Nest] 40859  - 08/27/2026, 6:31:24 PM     LOG [RouterExplorer] Mapped {/api/v1/companions/me/availability-schedule/blackouts, GET} route +0ms
[Nest] 40859  - 08/27/2026, 6:31:24 PM     LOG [RouterExplorer] Mapped {/api/v1/companions/me/availability-schedule/blackouts, POST} route +1ms
[Nest] 40859  - 08/27/2026, 6:31:24 PM     LOG [RouterExplorer] Mapped {/api/v1/companions/me/availability-schedule/blackouts/:id/deactivate, PATCH} route +0ms
[Nest] 40859  - 08/27/2026, 6:31:24 PM     LOG [RouterExplorer] Mapped {/api/v1/companions/me/availability-schedule/drafts, GET} route +0ms
[Nest] 40859  - 08/27/2026, 6:31:24 PM     LOG [RouterExplorer] Mapped {/api/v1/companions/me/availability-schedule/drafts/materialize, POST} route +0ms
[Nest] 40859  - 08/27/2026, 6:31:24 PM     LOG [RouterExplorer] Mapped {/api/v1/companions/me/availability-schedule/drafts/:id/activate, PATCH} route +0ms
[Nest] 40859  - 08/27/2026, 6:31:24 PM     LOG [RouterExplorer] Mapped {/api/v1/companions/:id/service-offerings, GET} route +0ms
[Nest] 40859  - 08/27/2026, 6:31:24 PM     LOG [RouterExplorer] Mapped {/api/v1/companions/:id/availability, GET} route +0ms
[Nest] 40859  - 08/27/2026, 6:31:24 PM     LOG [RouterExplorer] Mapped {/api/v1/companions/:id, GET} route +0ms
[Nest] 40859  - 08/27/2026, 6:31:24 PM     LOG [RoutesResolver] UsersController {/api/v1/users}: +0ms
[Nest] 40859  - 08/27/2026, 6:31:24 PM     LOG [RouterExplorer] Mapped {/api/v1/users/me, GET} route +0ms
[Nest] 40859  - 08/27/2026, 6:31:24 PM     LOG [RouterExplorer] Mapped {/api/v1/users/me/legal-consents, POST} route +0ms
[Nest] 40859  - 08/27/2026, 6:31:24 PM     LOG [RouterExplorer] Mapped {/api/v1/users/me/legal-consents, GET} route +0ms
[Nest] 40859  - 08/27/2026, 6:31:24 PM     LOG [RouterExplorer] Mapped {/api/v1/users/me/legal-consents/current, DELETE} route +0ms
[Nest] 40859  - 08/27/2026, 6:31:24 PM     LOG [RoutesResolver] MeController {/api/v1}: +0ms
[Nest] 40859  - 08/27/2026, 6:31:24 PM     LOG [RouterExplorer] Mapped {/api/v1/me, GET} route +0ms
[Nest] 40859  - 08/27/2026, 6:31:24 PM     LOG [RouterExplorer] Mapped {/api/v1/me, PATCH} route +0ms
[Nest] 40859  - 08/27/2026, 6:31:24 PM     LOG [RouterExplorer] Mapped {/api/v1/me/adult-eligibility, GET} route +0ms
[Nest] 40859  - 08/27/2026, 6:31:24 PM     LOG [RouterExplorer] Mapped {/api/v1/me/adult-eligibility/submissions, POST} route +0ms
[Nest] 40859  - 08/27/2026, 6:31:24 PM     LOG [RouterExplorer] Mapped {/api/v1/me/deletion-request, GET} route +1ms
[Nest] 40859  - 08/27/2026, 6:31:24 PM     LOG [RouterExplorer] Mapped {/api/v1/me/deletion-request, POST} route +0ms
[Nest] 40859  - 08/27/2026, 6:31:24 PM     LOG [RouterExplorer] Mapped {/api/v1/me/deletion-request/cancel, POST} route +0ms
[Nest] 40859  - 08/27/2026, 6:31:24 PM     LOG [RoutesResolver] LegalController {/api/v1/legal}: +0ms
[Nest] 40859  - 08/27/2026, 6:31:24 PM     LOG [RouterExplorer] Mapped {/api/v1/legal/terms, GET} route +0ms
[Nest] 40859  - 08/27/2026, 6:31:24 PM     LOG [RouterExplorer] Mapped {/api/v1/legal/privacy, GET} route +0ms
[Nest] 40859  - 08/27/2026, 6:31:24 PM     LOG [RouterExplorer] Mapped {/api/v1/legal/platform-rules, GET} route +0ms
[Nest] 40859  - 08/27/2026, 6:31:24 PM     LOG [RouterExplorer] Mapped {/api/v1/legal/:document/versions/:version, GET} route +0ms
[Nest] 40859  - 08/27/2026, 6:31:24 PM     LOG [RoutesResolver] DataRetentionLegalHoldController {/api/v1/admin/data-retention}: +0ms
[Nest] 40859  - 08/27/2026, 6:31:24 PM     LOG [RouterExplorer] Mapped {/api/v1/admin/data-retention/legal-hold-policy, GET} route +0ms
[Nest] 40859  - 08/27/2026, 6:31:24 PM     LOG [RouterExplorer] Mapped {/api/v1/admin/data-retention/records, GET} route +0ms
[Nest] 40859  - 08/27/2026, 6:31:24 PM     LOG [RouterExplorer] Mapped {/api/v1/admin/data-retention/records/:retentionRecordId/legal-holds, GET} route +0ms
[Nest] 40859  - 08/27/2026, 6:31:24 PM     LOG [RouterExplorer] Mapped {/api/v1/admin/data-retention/records/:retentionRecordId/legal-hold-placement-requests, POST} route +0ms
[Nest] 40859  - 08/27/2026, 6:31:24 PM     LOG [RouterExplorer] Mapped {/api/v1/admin/data-retention/legal-holds/:legalHoldId/release-requests, POST} route +0ms
[Nest] 40859  - 08/27/2026, 6:31:24 PM     LOG [RouterExplorer] Mapped {/api/v1/admin/data-retention/legal-hold-actions/:actionId/approvals, POST} route +0ms
[Nest] 40859  - 08/27/2026, 6:31:24 PM     LOG [RouterExplorer] Mapped {/api/v1/admin/data-retention/legal-hold-actions/:actionId/rejections, POST} route +0ms
[Nest] 40859  - 08/27/2026, 6:31:24 PM     LOG [RoutesResolver] CommunityController {/api/v1/community/posts}: +0ms
[Nest] 40859  - 08/27/2026, 6:31:24 PM     LOG [RouterExplorer] Mapped {/api/v1/community/posts, GET} route +0ms
[Nest] 40859  - 08/27/2026, 6:31:24 PM     LOG [RouterExplorer] Mapped {/api/v1/community/posts, POST} route +0ms
[Nest] 40859  - 08/27/2026, 6:31:24 PM     LOG [RouterExplorer] Mapped {/api/v1/community/posts/:id/report, POST} route +0ms
[Nest] 40859  - 08/27/2026, 6:31:24 PM     LOG [RouterExplorer] Mapped {/api/v1/community/posts/:id/like, POST} route +1ms
[Nest] 40859  - 08/27/2026, 6:31:24 PM     LOG [RoutesResolver] CommunityReportsController {/api/v1/community/reports}: +0ms
[Nest] 40859  - 08/27/2026, 6:31:24 PM     LOG [RouterExplorer] Mapped {/api/v1/community/reports/mine, GET} route +0ms
[Nest] 40859  - 08/27/2026, 6:31:24 PM     LOG [RoutesResolver] ConversationsController {/api/v1/conversations}: +0ms
[Nest] 40859  - 08/27/2026, 6:31:24 PM     LOG [RouterExplorer] Mapped {/api/v1/conversations/status, GET} route +0ms
[Nest] 40859  - 08/27/2026, 6:31:24 PM     LOG [RouterExplorer] Mapped {/api/v1/conversations/:id/status, GET} route +0ms
[Nest] 40859  - 08/27/2026, 6:31:24 PM     LOG [RouterExplorer] Mapped {/api/v1/conversations, GET} route +0ms
[Nest] 40859  - 08/27/2026, 6:31:24 PM     LOG [RouterExplorer] Mapped {/api/v1/conversations/summary, GET} route +0ms
[Nest] 40859  - 08/27/2026, 6:31:24 PM     LOG [RouterExplorer] Mapped {/api/v1/conversations/:id/notification-preference, PUT} route +0ms
[Nest] 40859  - 08/27/2026, 6:31:24 PM     LOG [RouterExplorer] Mapped {/api/v1/conversations/:id/block, PUT} route +0ms
[Nest] 40859  - 08/27/2026, 6:31:24 PM     LOG [RouterExplorer] Mapped {/api/v1/conversations/:id/future-booking-boundary, PUT} route +0ms
[Nest] 40859  - 08/27/2026, 6:31:24 PM     LOG [RouterExplorer] Mapped {/api/v1/conversations/:id/messages, GET} route +0ms
[Nest] 40859  - 08/27/2026, 6:31:24 PM     LOG [RouterExplorer] Mapped {/api/v1/conversations/:id/messages, POST} route +0ms
[Nest] 40859  - 08/27/2026, 6:31:24 PM     LOG [RouterExplorer] Mapped {/api/v1/conversations/:id/media-uploads, POST} route +1ms
[Nest] 40859  - 08/27/2026, 6:31:24 PM     LOG [RouterExplorer] Mapped {/api/v1/conversations/:id/media-uploads/:assetId/complete, POST} route +0ms
[Nest] 40859  - 08/27/2026, 6:31:24 PM     LOG [RoutesResolver] ReviewsController {/api/v1/reviews}: +0ms
[Nest] 40859  - 08/27/2026, 6:31:24 PM     LOG [RouterExplorer] Mapped {/api/v1/reviews/companion/:id, GET} route +0ms
[Nest] 40859  - 08/27/2026, 6:31:24 PM     LOG [RouterExplorer] Mapped {/api/v1/reviews/orders/:orderId/me, GET} route +0ms
[Nest] 40859  - 08/27/2026, 6:31:24 PM     LOG [RouterExplorer] Mapped {/api/v1/reviews, POST} route +0ms
[Nest] 40859  - 08/27/2026, 6:31:24 PM     LOG [RoutesResolver] PublicSupportController {/api/v1/support}: +0ms
[Nest] 40859  - 08/27/2026, 6:31:24 PM     LOG [RouterExplorer] Mapped {/api/v1/support/public-info, GET} route +0ms
[Nest] 40859  - 08/27/2026, 6:31:24 PM     LOG [RoutesResolver] SupportController {/api/v1/support}: +0ms
[Nest] 40859  - 08/27/2026, 6:31:24 PM     LOG [RouterExplorer] Mapped {/api/v1/support/tickets, POST} route +0ms
[Nest] 40859  - 08/27/2026, 6:31:24 PM     LOG [RouterExplorer] Mapped {/api/v1/support/tickets/:id/order-facts, POST} route +0ms
[Nest] 40859  - 08/27/2026, 6:31:24 PM     LOG [RouterExplorer] Mapped {/api/v1/support/tickets/me, GET} route +0ms
[Nest] 40859  - 08/27/2026, 6:31:24 PM     LOG [RouterExplorer] Mapped {/api/v1/support/orders/:orderId/tickets, GET} route +0ms
[Nest] 40859  - 08/27/2026, 6:31:24 PM     LOG [RouterExplorer] Mapped {/api/v1/support/tickets/:id, GET} route +0ms
[Nest] 40859  - 08/27/2026, 6:31:24 PM     LOG [RoutesResolver] AdminController {/api/v1/admin}: +0ms
[Nest] 40859  - 08/27/2026, 6:31:24 PM     LOG [RouterExplorer] Mapped {/api/v1/admin/status, GET} route +0ms
[Nest] 40859  - 08/27/2026, 6:31:24 PM     LOG [RouterExplorer] Mapped {/api/v1/admin/account-deletions, GET} route +0ms
[Nest] 40859  - 08/27/2026, 6:31:24 PM     LOG [RouterExplorer] Mapped {/api/v1/admin/account-deletions/:id/settlement, GET} route +0ms
[Nest] 40859  - 08/27/2026, 6:31:24 PM     LOG [RouterExplorer] Mapped {/api/v1/admin/account-deletions/:id/start, POST} route +0ms
[Nest] 40859  - 08/27/2026, 6:31:24 PM     LOG [RouterExplorer] Mapped {/api/v1/admin/account-deletions/:id/complete, POST} route +0ms
[Nest] 40859  - 08/27/2026, 6:31:24 PM     LOG [RouterExplorer] Mapped {/api/v1/admin/account-deletions/:id/retry, POST} route +0ms
[Nest] 40859  - 08/27/2026, 6:31:24 PM     LOG [RouterExplorer] Mapped {/api/v1/admin/account-deletions/:id/orders/:orderId/payment/sync, POST} route +0ms
[Nest] 40859  - 08/27/2026, 6:31:24 PM     LOG [RouterExplorer] Mapped {/api/v1/admin/account-deletions/:id/orders/:orderId/refund/sync, POST} route +0ms
[Nest] 40859  - 08/27/2026, 6:31:24 PM     LOG [RouterExplorer] Mapped {/api/v1/admin/account-deletions/:id/orders/:orderId/refund/initiate, POST} route +0ms
[Nest] 40859  - 08/27/2026, 6:31:24 PM     LOG [RouterExplorer] Mapped {/api/v1/admin/users/:id/account-status, PATCH} route +0ms
[Nest] 40859  - 08/27/2026, 6:31:24 PM     LOG [RouterExplorer] Mapped {/api/v1/admin/users/:id/verification, PATCH} route +0ms
[Nest] 40859  - 08/27/2026, 6:31:24 PM     LOG [RouterExplorer] Mapped {/api/v1/admin/identity-verification-requests, GET} route +1ms
[Nest] 40859  - 08/27/2026, 6:31:24 PM     LOG [RouterExplorer] Mapped {/api/v1/admin/identity-verification-requests/:id/approve, POST} route +0ms
[Nest] 40859  - 08/27/2026, 6:31:24 PM     LOG [RouterExplorer] Mapped {/api/v1/admin/identity-verification-requests/:id/reject, POST} route +0ms
[Nest] 40859  - 08/27/2026, 6:31:24 PM     LOG [RouterExplorer] Mapped {/api/v1/admin/customer-adult-eligibility, GET} route +0ms
[Nest] 40859  - 08/27/2026, 6:31:24 PM     LOG [RouterExplorer] Mapped {/api/v1/admin/customer-adult-eligibility/:id/adult, POST} route +0ms
[Nest] 40859  - 08/27/2026, 6:31:24 PM     LOG [RouterExplorer] Mapped {/api/v1/admin/customer-adult-eligibility/:id/ineligible, POST} route +0ms
[Nest] 40859  - 08/27/2026, 6:31:24 PM     LOG [RouterExplorer] Mapped {/api/v1/admin/companions, GET} route +0ms
[Nest] 40859  - 08/27/2026, 6:31:24 PM     LOG [RouterExplorer] Mapped {/api/v1/admin/companions, POST} route +0ms
[Nest] 40859  - 08/27/2026, 6:31:24 PM     LOG [RouterExplorer] Mapped {/api/v1/admin/companions/:id, PATCH} route +0ms
[Nest] 40859  - 08/27/2026, 6:31:24 PM     LOG [RouterExplorer] Mapped {/api/v1/admin/companions/:id/publish, POST} route +0ms
[Nest] 40859  - 08/27/2026, 6:31:24 PM     LOG [RouterExplorer] Mapped {/api/v1/admin/companions/:id/unpublish, POST} route +0ms
[Nest] 40859  - 08/27/2026, 6:31:24 PM     LOG [RoutesResolver] AdminCommercialController {/api/v1/admin/commercial}: +0ms
[Nest] 40859  - 08/27/2026, 6:31:24 PM     LOG [RouterExplorer] Mapped {/api/v1/admin/commercial/readiness, GET} route +0ms
[Nest] 40859  - 08/27/2026, 6:31:24 PM     LOG [RouterExplorer] Mapped {/api/v1/admin/commercial/funnel, GET} route +4ms
[Nest] 40859  - 08/27/2026, 6:31:24 PM     LOG [RouterExplorer] Mapped {/api/v1/admin/commercial/earnings, GET} route +0ms
[Nest] 40859  - 08/27/2026, 6:31:24 PM     LOG [RouterExplorer] Mapped {/api/v1/admin/commercial/companions, GET} route +0ms
[Nest] 40859  - 08/27/2026, 6:31:24 PM     LOG [RouterExplorer] Mapped {/api/v1/admin/commercial/companions/:id/profile-submissions, POST} route +0ms
[Nest] 40859  - 08/27/2026, 6:31:24 PM     LOG [RouterExplorer] Mapped {/api/v1/admin/commercial/companions/:id/profile-verifications, POST} route +0ms
[Nest] 40859  - 08/27/2026, 6:31:24 PM     LOG [RouterExplorer] Mapped {/api/v1/admin/commercial/companions/:id/profile-suspensions, POST} route +1ms
[Nest] 40859  - 08/27/2026, 6:31:24 PM     LOG [RouterExplorer] Mapped {/api/v1/admin/commercial/earnings/:id/payout-claims, POST} route +0ms
[Nest] 40859  - 08/27/2026, 6:31:24 PM     LOG [RouterExplorer] Mapped {/api/v1/admin/commercial/earnings/:id/payout-submissions, POST} route +0ms
[Nest] 40859  - 08/27/2026, 6:31:24 PM     LOG [RouterExplorer] Mapped {/api/v1/admin/commercial/earnings/:id/payout-cancellations, POST} route +0ms
[Nest] 40859  - 08/27/2026, 6:31:24 PM     LOG [RouterExplorer] Mapped {/api/v1/admin/commercial/earnings/:id/payout-verifications, POST} route +0ms
[Nest] 40859  - 08/27/2026, 6:31:24 PM     LOG [RouterExplorer] Mapped {/api/v1/admin/commercial/recoveries, GET} route +0ms
[Nest] 40859  - 08/27/2026, 6:31:24 PM     LOG [RouterExplorer] Mapped {/api/v1/admin/commercial/recoveries/:id/evidence, POST} route +0ms
[Nest] 40859  - 08/27/2026, 6:31:24 PM     LOG [RouterExplorer] Mapped {/api/v1/admin/commercial/recoveries/:id/verify, POST} route +0ms
[Nest] 40859  - 08/27/2026, 6:31:24 PM     LOG [RouterExplorer] Mapped {/api/v1/admin/commercial/support/tickets, GET} route +0ms
[Nest] 40859  - 08/27/2026, 6:31:24 PM     LOG [RouterExplorer] Mapped {/api/v1/admin/commercial/support/tickets/:id, GET} route +0ms
[Nest] 40859  - 08/27/2026, 6:31:24 PM     LOG [RouterExplorer] Mapped {/api/v1/admin/commercial/support/claimable, GET} route +0ms
[Nest] 40859  - 08/27/2026, 6:31:24 PM     LOG [RouterExplorer] Mapped {/api/v1/admin/commercial/support/tickets/:id/claim, POST} route +0ms
[Nest] 40859  - 08/27/2026, 6:31:24 PM     LOG [RouterExplorer] Mapped {/api/v1/admin/commercial/support/tickets/:id/assign, POST} route +0ms
[Nest] 40859  - 08/27/2026, 6:31:24 PM     LOG [RouterExplorer] Mapped {/api/v1/admin/commercial/support/tickets/:id/resolve, POST} route +0ms
[Nest] 40859  - 08/27/2026, 6:31:24 PM     LOG [RouterExplorer] Mapped {/api/v1/admin/commercial/support/tickets/:id/refunds, POST} route +0ms
[Nest] 40859  - 08/27/2026, 6:31:24 PM     LOG [RoutesResolver] AdminPaymentReconciliationController {/api/v1/admin/commercial/payment-reconciliation}: +0ms
[Nest] 40859  - 08/27/2026, 6:31:24 PM     LOG [RouterExplorer] Mapped {/api/v1/admin/commercial/payment-reconciliation/readiness, GET} route +0ms
[Nest] 40859  - 08/27/2026, 6:31:24 PM     LOG [RouterExplorer] Mapped {/api/v1/admin/commercial/payment-reconciliation/merchant-imports, GET} route +0ms
[Nest] 40859  - 08/27/2026, 6:31:24 PM     LOG [RouterExplorer] Mapped {/api/v1/admin/commercial/payment-reconciliation/merchant-imports, POST} route +0ms
[Nest] 40859  - 08/27/2026, 6:31:24 PM     LOG [RouterExplorer] Mapped {/api/v1/admin/commercial/payment-reconciliation/merchant-imports/text, POST} route +0ms
[Nest] 40859  - 08/27/2026, 6:31:24 PM     LOG [RouterExplorer] Mapped {/api/v1/admin/commercial/payment-reconciliation/merchant-imports/:id/reviews, POST} route +1ms
[Nest] 40859  - 08/27/2026, 6:31:24 PM     LOG [RouterExplorer] Mapped {/api/v1/admin/commercial/payment-reconciliation/cash-ledger, GET} route +0ms
[Nest] 40859  - 08/27/2026, 6:31:24 PM     LOG [RouterExplorer] Mapped {/api/v1/admin/commercial/payment-reconciliation/cash-ledger/:id/classifications, POST} route +0ms
[Nest] 40859  - 08/27/2026, 6:31:24 PM     LOG [RouterExplorer] Mapped {/api/v1/admin/commercial/payment-reconciliation/cash-ledger/classifications/:id/reviews, POST} route +0ms
[Nest] 40859  - 08/27/2026, 6:31:24 PM     LOG [RouterExplorer] Mapped {/api/v1/admin/commercial/payment-reconciliation/runs, GET} route +0ms
[Nest] 40859  - 08/27/2026, 6:31:24 PM     LOG [RouterExplorer] Mapped {/api/v1/admin/commercial/payment-reconciliation/runs, POST} route +0ms
[Nest] 40859  - 08/27/2026, 6:31:24 PM     LOG [RouterExplorer] Mapped {/api/v1/admin/commercial/payment-reconciliation/runs/:id/retry, POST} route +0ms
[Nest] 40859  - 08/27/2026, 6:31:24 PM     LOG [RouterExplorer] Mapped {/api/v1/admin/commercial/payment-reconciliation/issues, GET} route +0ms
[Nest] 40859  - 08/27/2026, 6:31:24 PM     LOG [RouterExplorer] Mapped {/api/v1/admin/commercial/payment-reconciliation/issues/:id/claims, POST} route +0ms
[Nest] 40859  - 08/27/2026, 6:31:24 PM     LOG [RouterExplorer] Mapped {/api/v1/admin/commercial/payment-reconciliation/issues/:id/resolutions, POST} route +0ms
[Nest] 40859  - 08/27/2026, 6:31:24 PM     LOG [RouterExplorer] Mapped {/api/v1/admin/commercial/payment-reconciliation/issues/:id/resolution-reviews, POST} route +0ms
[Nest] 40859  - 08/27/2026, 6:31:24 PM     LOG [RoutesResolver] AdminOperationsController {/api/v1/admin/operations}: +0ms
[Nest] 40859  - 08/27/2026, 6:31:24 PM     LOG [RouterExplorer] Mapped {/api/v1/admin/operations/context, GET} route +0ms
[Nest] 40859  - 08/27/2026, 6:31:24 PM     LOG [RouterExplorer] Mapped {/api/v1/admin/operations/orders, GET} route +0ms
[Nest] 40859  - 08/27/2026, 6:31:24 PM     LOG [RouterExplorer] Mapped {/api/v1/admin/operations/support/orders, GET} route +0ms
[Nest] 40859  - 08/27/2026, 6:31:24 PM     LOG [RouterExplorer] Mapped {/api/v1/admin/operations/users, GET} route +0ms
[Nest] 40859  - 08/27/2026, 6:31:24 PM     LOG [RouterExplorer] Mapped {/api/v1/admin/operations/support-assignees, GET} route +0ms
[Nest] 40859  - 08/27/2026, 6:31:24 PM     LOG [RouterExplorer] Mapped {/api/v1/admin/operations/audit-logs, GET} route +0ms
[Nest] 40859  - 08/27/2026, 6:31:24 PM     LOG [RoutesResolver] AdminStaffController {/api/v1/admin/staff}: +0ms
[Nest] 40859  - 08/27/2026, 6:31:24 PM     LOG [RouterExplorer] Mapped {/api/v1/admin/staff, GET} route +0ms
[Nest] 40859  - 08/27/2026, 6:31:24 PM     LOG [RouterExplorer] Mapped {/api/v1/admin/staff/eligible-successors, GET} route +0ms
[Nest] 40859  - 08/27/2026, 6:31:24 PM     LOG [RouterExplorer] Mapped {/api/v1/admin/staff/:userId/suspensions, POST} route +0ms
[Nest] 40859  - 08/27/2026, 6:31:24 PM     LOG [RoutesResolver] ReviewAuthController {/api/v1/review/auth}: +0ms
[Nest] 40859  - 08/27/2026, 6:31:24 PM     LOG [RouterExplorer] Mapped {/api/v1/review/auth/login, POST} route +0ms
[Nest] 40859  - 08/27/2026, 6:31:24 PM     LOG [RouterExplorer] Mapped {/api/v1/review/auth/refresh, POST} route +0ms
[Nest] 40859  - 08/27/2026, 6:31:24 PM     LOG [RouterExplorer] Mapped {/api/v1/review/auth/logout, POST} route +0ms
[Nest] 40859  - 08/27/2026, 6:31:24 PM     LOG [RouterExplorer] Mapped {/api/v1/review/auth/me, GET} route +1ms
[Nest] 40859  - 08/27/2026, 6:31:24 PM     LOG [RoutesResolver] ReviewModerationController {/api/v1/review}: +0ms
[Nest] 40859  - 08/27/2026, 6:31:24 PM     LOG [RouterExplorer] Mapped {/api/v1/review/overview, GET} route +0ms
[Nest] 40859  - 08/27/2026, 6:31:24 PM     LOG [RouterExplorer] Mapped {/api/v1/review/cases, GET} route +0ms
[Nest] 40859  - 08/27/2026, 6:31:24 PM     LOG [RouterExplorer] Mapped {/api/v1/review/cases/:id, GET} route +0ms
[Nest] 40859  - 08/27/2026, 6:31:24 PM     LOG [RouterExplorer] Mapped {/api/v1/review/cases/:id/conversation, GET} route +0ms
[Nest] 40859  - 08/27/2026, 6:31:24 PM     LOG [RouterExplorer] Mapped {/api/v1/review/cases/:id/claim, POST} route +0ms
[Nest] 40859  - 08/27/2026, 6:31:24 PM     LOG [RouterExplorer] Mapped {/api/v1/review/cases/:id/assignment, POST} route +0ms
[Nest] 40859  - 08/27/2026, 6:31:24 PM     LOG [RouterExplorer] Mapped {/api/v1/review/staff, GET} route +0ms
[Nest] 40859  - 08/27/2026, 6:31:24 PM     LOG [RouterExplorer] Mapped {/api/v1/review/staff/offboarding, GET} route +0ms
[Nest] 40859  - 08/27/2026, 6:31:24 PM     LOG [RouterExplorer] Mapped {/api/v1/review/staff/:id/suspension, POST} route +0ms
[Nest] 40859  - 08/27/2026, 6:31:24 PM     LOG [RouterExplorer] Mapped {/api/v1/review/cases/:id/actions, POST} route +0ms
[Nest] 40859  - 08/27/2026, 6:31:24 PM     LOG [RouterExplorer] Mapped {/api/v1/review/labels, POST} route +0ms
[Nest] 40859  - 08/27/2026, 6:31:24 PM     LOG [RouterExplorer] Mapped {/api/v1/review/labels/export, GET} route +0ms
[Nest] 40859  - 08/27/2026, 6:31:24 PM     LOG [RoutesResolver] MetricsController {/api/v1/metrics}: +0ms
[Nest] 40859  - 08/27/2026, 6:31:24 PM     LOG [RouterExplorer] Mapped {/api/v1/metrics, GET} route +0ms
[Nest] 40859  - 08/27/2026, 6:31:24 PM     LOG [RoutesResolver] HealthController {/api/v1/health}: +0ms
[Nest] 40859  - 08/27/2026, 6:31:24 PM     LOG [RouterExplorer] Mapped {/api/v1/health, GET} route +0ms
[Nest] 40859  - 08/27/2026, 6:31:24 PM     LOG [RouterExplorer] Mapped {/api/v1/health/ready, GET} route +0ms
[Nest] 40859  - 08/27/2026, 6:31:25 PM     LOG [NestApplication] Nest application successfully started +89ms
{"level":"info","type":"http_request","requestId":"08da479a-4d77-4350-8632-eec7ab8f1dfe","method":"GET","path":"/api/v1/health","statusCode":200,"durationMs":10}
[Nest] 40859  - 08/27/2026, 6:32:05 PM     LOG [MockSmsProvider] [MOCK SMS] 139****8272 → ******
{"level":"info","type":"http_request","requestId":"9f65c928-fc80-4a3f-acca-0d7d05870fe2","method":"POST","path":"/api/v1/auth/sms/send-code","statusCode":201,"durationMs":57}
{"level":"info","type":"http_request","requestId":"a8d51281-e6f6-41bd-99a3-2aac69c8fb80","method":"POST","path":"/api/v1/auth/phone/login","statusCode":201,"durationMs":74}
{"level":"info","type":"http_request","requestId":"97c6998a-8f07-44d6-bec3-d163077c4d05","method":"POST","path":"/api/v1/users/me/legal-consents","statusCode":201,"durationMs":16}
{"level":"info","type":"http_request","requestId":"8ebc7013-36c8-4ce6-83e2-c34af86b3701","method":"POST","path":"/api/v1/auth/refresh","statusCode":201,"durationMs":6}
{"level":"info","type":"http_request","requestId":"36d7406e-5800-4af2-bb66-ec821786f441","method":"POST","path":"/api/v1/support/tickets","statusCode":201,"durationMs":11}
{"level":"info","type":"http_request","requestId":"a08e6058-f602-422f-a8c6-d2ec12f3fba2","method":"POST","path":"/api/v1/auth/staff/login","statusCode":201,"durationMs":207}
{"level":"info","type":"http_request","requestId":"72e9d769-0b0f-48e8-8c22-f3f27f3bfa85","method":"GET","path":"/api/v1/admin/operations/context","statusCode":200,"durationMs":4}
{"level":"info","type":"http_request","requestId":"7e92c806-ba0f-4965-838c-40ca3ac247e0","method":"GET","path":"/api/v1/admin/commercial/attendance-disputes/claimable?page=1&pageSize=50","statusCode":200,"durationMs":22}
{"level":"info","type":"http_request","requestId":"442a0783-81c3-4756-b440-c9b887031b5b","method":"GET","path":"/api/v1/admin/commercial/support/claimable?page=1&pageSize=50","statusCode":200,"durationMs":25}
{"level":"info","type":"http_request","requestId":"384c3b74-9733-4b2a-83ab-e308f24ba3dd","method":"GET","path":"/api/v1/admin/commercial/support/tickets?assignedOnly=true&page=1&pageSize=50","statusCode":200,"durationMs":28}
{"level":"info","type":"http_request","requestId":"2c8d7719-3ed4-4c78-89b1-bda2a9c90158","method":"GET","path":"/api/v1/admin/commercial/attendance-disputes?page=1&pageSize=50","statusCode":200,"durationMs":27}
{"level":"info","type":"http_request","requestId":"e8007ba0-981b-46c1-b9ab-3c78e959bfb2","method":"GET","path":"/api/v1/admin/commercial/support/claimable?page=1&pageSize=50","statusCode":200,"durationMs":8}
{"level":"warn","type":"http_request","requestId":"97788fe3-8474-4291-9972-cd8e50cca232","method":"GET","path":"/api/v1/admin/commercial/support/tickets/185f79f1-0bf3-4a68-ab50-57fe437d2594","statusCode":404,"durationMs":7}
{"level":"info","type":"http_request","requestId":"ab3aa890-54fa-4fd6-a52d-d8dd6e37ae3a","method":"GET","path":"/api/v1/admin/commercial/attendance-disputes/claimable?page=1&pageSize=50","statusCode":200,"durationMs":8}
{"level":"info","type":"http_request","requestId":"5862ee29-09a0-4581-af6a-e75873b7cbb2","method":"GET","path":"/api/v1/admin/commercial/support/claimable?page=1&pageSize=50","statusCode":200,"durationMs":14}
{"level":"info","type":"http_request","requestId":"6cda71cf-8148-4f8f-9d01-0593db206b2f","method":"GET","path":"/api/v1/admin/commercial/attendance-disputes?page=1&pageSize=50","statusCode":200,"durationMs":17}
{"level":"info","type":"http_request","requestId":"ac70a5f6-517e-47fa-9e4a-f4b80f2443d8","method":"GET","path":"/api/v1/admin/commercial/support/tickets?assignedOnly=true&page=1&pageSize=50","statusCode":200,"durationMs":19}
{"level":"info","type":"http_request","requestId":"7c70ef01-67b0-4744-88d4-2a771c0762d4","method":"POST","path":"/api/v1/auth/refresh","statusCode":201,"durationMs":10}
{"level":"info","type":"http_request","requestId":"52e502aa-3038-4b21-99df-1cc10a954c08","method":"POST","path":"/api/v1/auth/staff/login","statusCode":201,"durationMs":201}
{"level":"info","type":"http_request","requestId":"2b8ce66f-b308-4a9c-80c6-6f9b90aab920","method":"POST","path":"/api/v1/auth/staff/login","statusCode":201,"durationMs":198}
{"level":"info","type":"http_request","requestId":"9e8ac8cd-2f27-461a-abb2-3a4b859c6665","method":"GET","path":"/api/v1/admin/commercial/support/claimable?page=1&pageSize=50","statusCode":200,"durationMs":10}
{"level":"warn","type":"http_request","requestId":"ed1a7ba1-8074-4b22-b407-4dac64cf41d8","method":"GET","path":"/api/v1/admin/commercial/support/tickets/185f79f1-0bf3-4a68-ab50-57fe437d2594","statusCode":404,"durationMs":17}
{"level":"info","type":"http_request","requestId":"0dd808fc-8a23-480a-a57b-98991b53882a","method":"GET","path":"/api/v1/support/tickets/185f79f1-0bf3-4a68-ab50-57fe437d2594","statusCode":200,"durationMs":15}
(node:40859) DeprecationWarning: Calling client.query() when the client is already executing a query is deprecated and will be removed in pg@9.0. Use async/await or an external async flow control mechanism instead.
(Use `node --trace-deprecation ...` to show where the warning was created)
{"level":"info","type":"http_request","requestId":"372fbbcb-0ebe-4224-aa27-a6da3dfb406b","method":"POST","path":"/api/v1/admin/commercial/support/tickets/185f79f1-0bf3-4a68-ab50-57fe437d2594/claim","statusCode":201,"durationMs":26}
{"level":"info","type":"http_request","requestId":"a5e54f8a-d2da-4096-ae8b-6fde512dc094","method":"GET","path":"/api/v1/admin/commercial/support/tickets/185f79f1-0bf3-4a68-ab50-57fe437d2594","statusCode":200,"durationMs":7}
{"level":"warn","type":"http_request","requestId":"7adf96eb-67d5-457b-b95f-6fed6b3e3d63","method":"GET","path":"/api/v1/admin/commercial/support/tickets/185f79f1-0bf3-4a68-ab50-57fe437d2594","statusCode":404,"durationMs":7}
{"level":"warn","type":"http_request","requestId":"a0bce151-41ae-4cad-9cab-6ddaa037ddfe","method":"POST","path":"/api/v1/admin/commercial/support/tickets/185f79f1-0bf3-4a68-ab50-57fe437d2594/claim","statusCode":409,"durationMs":5}
{"level":"info","type":"http_request","requestId":"7532af1f-0981-4ae4-ae53-9158099589bd","method":"POST","path":"/api/v1/admin/commercial/support/tickets/185f79f1-0bf3-4a68-ab50-57fe437d2594/resolve","statusCode":200,"durationMs":17}
{"level":"info","type":"http_request","requestId":"23c499ab-887e-414a-895f-9adc4fabd86e","method":"GET","path":"/api/v1/support/tickets/185f79f1-0bf3-4a68-ab50-57fe437d2594","statusCode":200,"durationMs":5}
{"level":"info","type":"http_request","requestId":"99685643-3dcf-4182-95a8-521462832bdc","method":"GET","path":"/api/v1/notifications?page=1&pageSize=50&unreadOnly=true","statusCode":200,"durationMs":6}
[Nest] 40859  - 08/27/2026, 6:34:25 PM    WARN [NotificationDeliveryWorker] Notification delivery 404fdea3-e226-4ae7-bb4f-77e1474268ef failed before send (unknown template).
