
> talk-and-talk-web@1.0.0 check
> npm run typecheck && npm run lint && npm test


> talk-and-talk-web@1.0.0 typecheck
> tsc --noEmit


> talk-and-talk-web@1.0.0 lint
> eslint . --ignore-pattern dist --ignore-pattern .next


> talk-and-talk-web@1.0.0 test
> node --test tests/web-surface-policy.test.mjs tests/miniprogram-entry.test.mjs && npm run build && WEB_SURFACE_MODE=open node --test tests/rendered-html.test.mjs

TAP version 13
# Subtest: missing config yields honest search fallback
ok 1 - missing config yields honest search fallback
  ---
  duration_ms: 0.695875
  type: 'test'
  ...
# Subtest: allowlisted https QR is accepted
ok 2 - allowlisted https QR is accepted
  ---
  duration_ms: 0.426334
  type: 'test'
  ...
# Subtest: non-allowlisted QR host falls back
ok 3 - non-allowlisted QR host falls back
  ---
  duration_ms: 0.124083
  type: 'test'
  ...
# Subtest: weixin scheme path is accepted (query tokens allowed)
ok 4 - weixin scheme path is accepted (query tokens allowed)
  ---
  duration_ms: 0.063667
  type: 'test'
  ...
# Subtest: allowlisted https entry path is accepted without injection
ok 5 - allowlisted https entry path is accepted without injection
  ---
  duration_ms: 0.062792
  type: 'test'
  ...
# Subtest: https entry path with non-allowlisted host falls back
ok 6 - https entry path with non-allowlisted host falls back
  ---
  duration_ms: 0.104709
  type: 'test'
  ...
# Subtest: credentials, fragments, and https query strings are rejected
ok 7 - credentials, fragments, and https query strings are rejected
  ---
  duration_ms: 0.1195
  type: 'test'
  ...
# Subtest: javascript or bare tokens are not promoted to deep links
ok 8 - javascript or bare tokens are not promoted to deep links
  ---
  duration_ms: 0.066625
  type: 'test'
  ...
# Subtest: classifies marketing, private, deferred, and API surfaces
ok 9 - classifies marketing, private, deferred, and API surfaces
  ---
  duration_ms: 0.420709
  type: 'test'
  ...
# Subtest: NODE_ENV=production fail-closes deferred trade without explicit open mode
ok 10 - NODE_ENV=production fail-closes deferred trade without explicit open mode
  ---
  duration_ms: 0.193792
  type: 'test'
  ...
# Subtest: WEB_SURFACE_MODE=production refuses deferred trade and private surfaces
ok 11 - WEB_SURFACE_MODE=production refuses deferred trade and private surfaces
  ---
  duration_ms: 0.1135
  type: 'test'
  ...
# Subtest: WEB_SURFACE_MODE=open keeps deferred pages for local/html tests
ok 12 - WEB_SURFACE_MODE=open keeps deferred pages for local/html tests
  ---
  duration_ms: 0.053333
  type: 'test'
  ...
# Subtest: deferred surfaces require explicit flag and non-production API allowlist
ok 13 - deferred surfaces require explicit flag and non-production API allowlist
  ---
  duration_ms: 0.12725
  type: 'test'
  ...
# Subtest: sitemap only lists public marketing paths and excludes business/demo
ok 14 - sitemap only lists public marketing paths and excludes business/demo
  ---
  duration_ms: 0.515291
  type: 'test'
  ...
1..14
# tests 14
# suites 0
# pass 14
# fail 0
# cancelled 0
# skipped 0
# todo 0
# duration_ms 67.562

> talk-and-talk-web@1.0.0 build
> WRANGLER_LOG_PATH=.wrangler/wrangler.log vinext build


  vinext build  (Vite 8.0.13)

[1/5] analyze client references...
[2Ktransforming...✓ 200 modules transformed.
rendering chunks...
✓ built in 307ms
[2/5] analyze server references...
[2Ktransforming...✓ 604 modules transformed.
rendering chunks...
✓ built in 179ms
[3/5] build rsc environment...
[2Ktransforming...✓ 206 modules transformed.
rendering chunks...
computing gzip size...
✓ built in 357ms
[4/5] build client environment...
[2Ktransforming...✓ 2119 modules transformed.
rendering chunks...
computing gzip size...
✓ built in 548ms
[5/5] build ssr environment...
[2Ktransforming...✓ 674 modules transformed.
rendering chunks...
computing gzip size...
✓ built in 265ms
[0m
  Route (app)
  ┌ ? /                     
  ├ ? /about                
  ├ λ /api/backend/:path+   
  ├ λ /api/session          
  ├ λ /api/session/login    
  ├ λ /api/session/logout   
  ├ λ /api/session/send-code
  ├ ? /business             
  ├ ? /community            
  ├ ƒ /companions/:id       
  ├ ? /demo                 
  ├ ? /discover             
  ├ ? /how-it-works         
  ├ ? /login                
  ├ ? /messages             
  ├ ? /orders               
  ├ ? /partners             
  ├ ? /profile              
  ├ ? /safety               
  └ ? /workbench            

  λ API  ƒ Dynamic  ? Unknown

  ? Some routes could not be classified. vinext currently uses static analysis
    and cannot detect dynamic API usage (headers(), cookies(), etc.) at build time.
    Automatic classification will be improved in a future release.

  Build complete. Run `vinext start` to start the production server.

TAP version 13
# Subtest: server-renders the Talk&Talk official marketing home
ok 1 - server-renders the Talk&Talk official marketing home
  ---
  duration_ms: 83.497042
  type: 'test'
  ...
# Subtest: serves every primary product route with route-specific metadata
ok 2 - serves every primary product route with route-specific metadata
  ---
  duration_ms: 308.553875
  type: 'test'
  ...
# Subtest: separates the indexable official site from transactional product routes
ok 3 - separates the indexable official site from transactional product routes
  ---
  duration_ms: 1.912875
  type: 'test'
  ...
# Subtest: keeps official-site canonicals distinct and resilient to forwarded hosts
ok 4 - keeps official-site canonicals distinct and resilient to forwarded hosts
  ---
  duration_ms: 0.782666
  type: 'test'
  ...
# Subtest: keeps the official shell usable without a Web-account entry
ok 5 - keeps the official shell usable without a Web-account entry
  ---
  duration_ms: 0.508333
  type: 'test'
  ...
# Subtest: keeps light marketing copy on solid forest bands, not bright mint fills
ok 6 - keeps light marketing copy on solid forest bands, not bright mint fills
  ---
  duration_ms: 1.070291
  type: 'test'
  ...
# Subtest: safety page keeps evidence-bounded support paths and miniprogram CTA
ok 7 - safety page keeps evidence-bounded support paths and miniprogram CTA
  ---
  duration_ms: 21.120583
  type: 'test'
  ...
# Subtest: keeps public browsing open while requiring consent at login
ok 8 - keeps public browsing open while requiring consent at login
  ---
  duration_ms: 0.407791
  type: 'test'
  ...
# Subtest: renders an investor-ready but evidence-bounded platform brief
ok 9 - renders an investor-ready but evidence-bounded platform brief
  ---
  duration_ms: 23.912792
  type: 'test'
  ...
# Subtest: offers a no-login, read-only product tour for commercial evaluation
ok 10 - offers a no-login, read-only product tour for commercial evaluation
  ---
  duration_ms: 25.239375
  type: 'test'
  ...
# Subtest: keeps motion causal, performant and the commercial tour deep-linkable
ok 11 - keeps motion causal, performant and the commercial tour deep-linkable
  ---
  duration_ms: 2.389833
  type: 'test'
  ...
# Subtest: keeps official-company facts configurable without fabricating a public disclosure
ok 12 - keeps official-company facts configurable without fabricating a public disclosure
  ---
  duration_ms: 1.032083
  type: 'test'
  ...
# Subtest: contains no disposable starter preview
ok 13 - contains no disposable starter preview
  ---
  duration_ms: 0.951125
  type: 'test'
  ...
# Subtest: keeps privileged and cross-site mutations outside the browser proxy
ok 14 - keeps privileged and cross-site mutations outside the browser proxy
  ---
  duration_ms: 36.358542
  type: 'test'
  ...
# Subtest: rejects malformed or stale login consent before contacting auth
ok 15 - rejects malformed or stale login consent before contacting auth
  ---
  duration_ms: 14.026959
  type: 'test'
  ...
# Subtest: keeps web legal-consent metadata aligned with the current release definition
ok 16 - keeps web legal-consent metadata aligned with the current release definition
  ---
  duration_ms: 3.932542
  type: 'test'
  ...
1..16
# tests 16
# suites 0
# pass 16
# fail 0
# cancelled 0
# skipped 0
# todo 0
# duration_ms 565.093875
